{"level":30,"time":1756924459029,"pid":20233,"hostname":"Preetis-MacBook-Air.local","msg":"Logging in user with email: preetiV2412@gmail.com"}
{"level":30,"time":1756924459846,"pid":20233,"hostname":"Preetis-MacBook-Air.local","msg":"Login submitted"}
{"level":30,"time":1756924465225,"pid":20233,"hostname":"Preetis-MacBook-Air.local","msg":"Logging in user with email: preetiV2413@gmail.com"}
{"level":30,"time":1756924465504,"pid":20233,"hostname":"Preetis-MacBook-Air.local","msg":"Login submitted"}
{"level":30,"time":1756924470786,"pid":20233,"hostname":"Preetis-MacBook-Air.local","msg":"Logging in user with email: preetiV2412@gmail.com"}
{"level":30,"time":1756924471471,"pid":20233,"hostname":"Preetis-MacBook-Air.local","msg":"Login submitted"}
{"level":30,"time":1756924477967,"pid":20233,"hostname":"Preetis-MacBook-Air.local","msg":"Signing up user with name: Priya and email: priya.27652@gmail.com"}
{"level":30,"time":1756924478249,"pid":20233,"hostname":"Preetis-MacBook-Air.local","msg":"Sign up submitted"}
{"level":30,"time":1756924478284,"pid":20233,"hostname":"Preetis-MacBook-Air.local","msg":"Creating account for Priya Shukla"}
{"level":30,"time":1756924479146,"pid":20233,"hostname":"Preetis-MacBook-Air.local","msg":"Account creation submitted"}
{"level":30,"time":1756924488748,"pid":20233,"hostname":"Preetis-MacBook-Air.local","msg":"Entering payment details"}
{"level":30,"time":1756924488780,"pid":20233,"hostname":"Preetis-MacBook-Air.local","msg":"Payment details entered"}
{"level":30,"time":1756924488780,"pid":20233,"hostname":"Preetis-MacBook-Air.local","msg":"Confirming order"}
{"level":30,"time":1756924490477,"pid":20233,"hostname":"Preetis-MacBook-Air.local","msg":"Order confirmed"}
{"level":30,"time":1756924495734,"pid":20233,"hostname":"Preetis-MacBook-Air.local","msg":"Signing up user with name: Priya and email: priya.73776@gmail.com"}
{"level":30,"time":1756924496022,"pid":20233,"hostname":"Preetis-MacBook-Air.local","msg":"Sign up submitted"}
{"level":30,"time":1756924496052,"pid":20233,"hostname":"Preetis-MacBook-Air.local","msg":"Creating account for Priya Shukla"}
{"level":30,"time":1756924497057,"pid":20233,"hostname":"Preetis-MacBook-Air.local","msg":"Account creation submitted"}
{"level":30,"time":1756924503377,"pid":20233,"hostname":"Preetis-MacBook-Air.local","msg":"Signing up user with name: Preeti and email: preetiV2412@gmail.com"}
{"level":30,"time":1756924503709,"pid":20233,"hostname":"Preetis-MacBook-Air.local","msg":"Sign up submitted"}
